<?xml version="1.0" encoding="ISO-8859-1" ?>
<link_info>
   <banner>TMS320C6x Linker PC v8.3.13</banner>
   <copyright>Copyright (c) 1996-2018 Texas Instruments Incorporated</copyright>
   <link_time>0x68bebf98</link_time>
   <link_errors>0x0</link_errors>
   <output_file>CRCAdd_CDBlockSeg.out</output_file>
   <entry_point>
      <name>_c_int00</name>
      <address>0x811840</address>
   </entry_point>
   <input_file_list>
      <input_file id="fl-2">
         <path>.\Source\</path>
         <kind>object</kind>
         <file>Globe.obj</file>
         <name>Globe.obj</name>
      </input_file>
      <input_file id="fl-3">
         <path>.\Source\</path>
         <kind>object</kind>
         <file>main.obj</file>
         <name>main.obj</name>
      </input_file>
      <input_file id="fl-4">
         <path>.\Source\</path>
         <kind>object</kind>
         <file>task_1.obj</file>
         <name>task_1.obj</name>
      </input_file>
      <input_file id="fl-8">
         <kind>object</kind>
         <file>&lt;internal&gt;</file>
         <name>&lt;internal&gt;</name>
      </input_file>
      <input_file id="fl-22">
         <path>D:\ti\ccs2020\ccs\tools\compiler\ti-cgt-c6000_8.3.13\lib\</path>
         <kind>archive</kind>
         <file>rts6600e_elf.lib</file>
         <name>memcpy64.asm.obj</name>
      </input_file>
      <input_file id="fl-23">
         <path>D:\ti\ccs2020\ccs\tools\compiler\ti-cgt-c6000_8.3.13\lib\</path>
         <kind>archive</kind>
         <file>rts6600e_elf.lib</file>
         <name>boot.c.obj</name>
      </input_file>
      <input_file id="fl-24">
         <path>D:\ti\ccs2020\ccs\tools\compiler\ti-cgt-c6000_8.3.13\lib\</path>
         <kind>archive</kind>
         <file>rts6600e_elf.lib</file>
         <name>autoinit.c.obj</name>
      </input_file>
      <input_file id="fl-25">
         <path>D:\ti\ccs2020\ccs\tools\compiler\ti-cgt-c6000_8.3.13\lib\</path>
         <kind>archive</kind>
         <file>rts6600e_elf.lib</file>
         <name>pre_init.c.obj</name>
      </input_file>
      <input_file id="fl-26">
         <path>D:\ti\ccs2020\ccs\tools\compiler\ti-cgt-c6000_8.3.13\lib\</path>
         <kind>archive</kind>
         <file>rts6600e_elf.lib</file>
         <name>startup.c.obj</name>
      </input_file>
      <input_file id="fl-27">
         <path>D:\ti\ccs2020\ccs\tools\compiler\ti-cgt-c6000_8.3.13\lib\</path>
         <kind>archive</kind>
         <file>rts6600e_elf.lib</file>
         <name>cpy_tbl.c.obj</name>
      </input_file>
      <input_file id="fl-28">
         <path>D:\ti\ccs2020\ccs\tools\compiler\ti-cgt-c6000_8.3.13\lib\</path>
         <kind>archive</kind>
         <file>rts6600e_elf.lib</file>
         <name>copy_zero_init.c.obj</name>
      </input_file>
      <input_file id="fl-29">
         <path>D:\ti\ccs2020\ccs\tools\compiler\ti-cgt-c6000_8.3.13\lib\</path>
         <kind>archive</kind>
         <file>rts6600e_elf.lib</file>
         <name>copy_decompress_none.c.obj</name>
      </input_file>
      <input_file id="fl-2a">
         <path>D:\ti\ccs2020\ccs\tools\compiler\ti-cgt-c6000_8.3.13\lib\</path>
         <kind>archive</kind>
         <file>rts6600e_elf.lib</file>
         <name>copy_decompress_rle.c.obj</name>
      </input_file>
      <input_file id="fl-2b">
         <path>D:\ti\ccs2020\ccs\tools\compiler\ti-cgt-c6000_8.3.13\lib\</path>
         <kind>archive</kind>
         <file>rts6600e_elf.lib</file>
         <name>ceil.c.obj</name>
      </input_file>
      <input_file id="fl-2c">
         <path>D:\ti\ccs2020\ccs\tools\compiler\ti-cgt-c6000_8.3.13\lib\</path>
         <kind>archive</kind>
         <file>rts6600e_elf.lib</file>
         <name>floor.c.obj</name>
      </input_file>
      <input_file id="fl-2d">
         <path>D:\ti\ccs2020\ccs\tools\compiler\ti-cgt-c6000_8.3.13\lib\</path>
         <kind>archive</kind>
         <file>rts6600e_elf.lib</file>
         <name>modf.c.obj</name>
      </input_file>
      <input_file id="fl-2e">
         <path>D:\ti\ccs2020\ccs\tools\compiler\ti-cgt-c6000_8.3.13\lib\</path>
         <kind>archive</kind>
         <file>rts6600e_elf.lib</file>
         <name>divd.c.obj</name>
      </input_file>
      <input_file id="fl-2f">
         <path>D:\ti\ccs2020\ccs\tools\compiler\ti-cgt-c6000_8.3.13\lib\</path>
         <kind>archive</kind>
         <file>rts6600e_elf.lib</file>
         <name>fixdu.c.obj</name>
      </input_file>
      <input_file id="fl-30">
         <path>D:\ti\ccs2020\ccs\tools\compiler\ti-cgt-c6000_8.3.13\lib\</path>
         <kind>archive</kind>
         <file>rts6600e_elf.lib</file>
         <name>frcmpyd_div.c.obj</name>
      </input_file>
      <input_file id="fl-31">
         <path>D:\ti\ccs2020\ccs\tools\compiler\ti-cgt-c6000_8.3.13\lib\</path>
         <kind>archive</kind>
         <file>rts6600e_elf.lib</file>
         <name>exit.c.obj</name>
      </input_file>
      <input_file id="fl-32">
         <path>D:\ti\ccs2020\ccs\tools\compiler\ti-cgt-c6000_8.3.13\lib\</path>
         <kind>archive</kind>
         <file>rts6600e_elf.lib</file>
         <name>args_main.c.obj</name>
      </input_file>
      <input_file id="fl-33">
         <path>D:\ti\ccs2020\ccs\tools\compiler\ti-cgt-c6000_8.3.13\lib\</path>
         <kind>archive</kind>
         <file>rts6600e_elf.lib</file>
         <name>tls.c.obj</name>
      </input_file>
      <input_file id="fl-34">
         <path>D:\ti\ccs2020\ccs\tools\compiler\ti-cgt-c6000_8.3.13\lib\</path>
         <kind>archive</kind>
         <file>rts6600e_elf.lib</file>
         <name>tls_get_tp.asm.obj</name>
      </input_file>
      <input_file id="fl-35">
         <path>D:\ti\ccs2020\ccs\tools\compiler\ti-cgt-c6000_8.3.13\lib\</path>
         <kind>archive</kind>
         <file>rts6600e_elf.lib</file>
         <name>llshift.c.obj</name>
      </input_file>
      <input_file id="fl-36">
         <path>D:\ti\ccs2020\ccs\tools\compiler\ti-cgt-c6000_8.3.13\lib\</path>
         <kind>archive</kind>
         <file>rts6600e_elf.lib</file>
         <name>memset.c.obj</name>
      </input_file>
   </input_file_list>
   <object_component_list>
      <object_component id="oc-e2">
         <name>.text</name>
         <load_address>0x810400</load_address>
         <run_address>0x810400</run_address>
         <size>0x7c0</size>
         <input_file_ref idref="fl-4"/>
      </object_component>
      <object_component id="oc-123">
         <name>.text:__c6xabi_divd</name>
         <load_address>0x810bc0</load_address>
         <run_address>0x810bc0</run_address>
         <size>0x5e0</size>
         <input_file_ref idref="fl-2e"/>
      </object_component>
      <object_component id="oc-37">
         <name>.text:__TI_decompress_rle_core</name>
         <load_address>0x8111a0</load_address>
         <run_address>0x8111a0</run_address>
         <size>0x100</size>
         <input_file_ref idref="fl-2a"/>
      </object_component>
      <object_component id="oc-55">
         <name>.text:exit</name>
         <load_address>0x8112a0</load_address>
         <run_address>0x8112a0</run_address>
         <size>0xe0</size>
         <input_file_ref idref="fl-31"/>
      </object_component>
      <object_component id="oc-73">
         <name>.text:memset</name>
         <load_address>0x811380</load_address>
         <run_address>0x811380</run_address>
         <size>0xe0</size>
         <input_file_ref idref="fl-36"/>
      </object_component>
      <object_component id="oc-9b">
         <name>.text:__TI_auto_init_nobinit_nopinit:__TI_auto_init_nobinit_nopinit</name>
         <load_address>0x811460</load_address>
         <run_address>0x811460</run_address>
         <size>0xc0</size>
         <input_file_ref idref="fl-24"/>
      </object_component>
      <object_component id="oc-fc">
         <name>.text:tls:init:__TI_tls_init</name>
         <load_address>0x811520</load_address>
         <run_address>0x811520</run_address>
         <size>0xc0</size>
         <input_file_ref idref="fl-33"/>
      </object_component>
      <object_component id="oc-87">
         <name>.text</name>
         <load_address>0x8115e0</load_address>
         <run_address>0x8115e0</run_address>
         <size>0xa0</size>
         <input_file_ref idref="fl-3"/>
      </object_component>
      <object_component id="oc-2b">
         <name>.text:memcpy</name>
         <load_address>0x811680</load_address>
         <run_address>0x811680</run_address>
         <size>0xa0</size>
         <input_file_ref idref="fl-22"/>
      </object_component>
      <object_component id="oc-17f">
         <name>.text:modf</name>
         <load_address>0x811720</load_address>
         <run_address>0x811720</run_address>
         <size>0xa0</size>
         <input_file_ref idref="fl-2d"/>
      </object_component>
      <object_component id="oc-12f">
         <name>.text:__c6xabi_fixdu</name>
         <load_address>0x8117c0</load_address>
         <run_address>0x8117c0</run_address>
         <size>0x80</size>
         <input_file_ref idref="fl-2f"/>
      </object_component>
      <object_component id="oc-22">
         <name>.text:_c_int00</name>
         <load_address>0x811840</load_address>
         <run_address>0x811840</run_address>
         <size>0x80</size>
         <input_file_ref idref="fl-23"/>
      </object_component>
      <object_component id="oc-16e">
         <name>.text:__TI_frcmpyd_div</name>
         <load_address>0x8118c0</load_address>
         <run_address>0x8118c0</run_address>
         <size>0x60</size>
         <input_file_ref idref="fl-30"/>
      </object_component>
      <object_component id="oc-168">
         <name>.text:__c6xabi_llshru</name>
         <load_address>0x811920</load_address>
         <run_address>0x811920</run_address>
         <size>0x60</size>
         <input_file_ref idref="fl-35"/>
      </object_component>
      <object_component id="oc-4f">
         <name>.text:_args_main</name>
         <load_address>0x811980</load_address>
         <run_address>0x811980</run_address>
         <size>0x40</size>
         <input_file_ref idref="fl-32"/>
      </object_component>
      <object_component id="oc-129">
         <name>.text:ceil</name>
         <load_address>0x8119c0</load_address>
         <run_address>0x8119c0</run_address>
         <size>0x40</size>
         <input_file_ref idref="fl-2b"/>
      </object_component>
      <object_component id="oc-135">
         <name>.text:floor</name>
         <load_address>0x811a00</load_address>
         <run_address>0x811a00</run_address>
         <size>0x40</size>
         <input_file_ref idref="fl-2c"/>
      </object_component>
      <object_component id="oc-f6">
         <name>.text:_system_post_cinit</name>
         <load_address>0x811a40</load_address>
         <run_address>0x811a40</run_address>
         <size>0x20</size>
         <input_file_ref idref="fl-26"/>
      </object_component>
      <object_component id="oc-5b">
         <name>.text:_system_pre_init</name>
         <load_address>0x811a60</load_address>
         <run_address>0x811a60</run_address>
         <size>0x20</size>
         <input_file_ref idref="fl-25"/>
      </object_component>
      <object_component id="oc-92">
         <name>.text:abort</name>
         <load_address>0x811a80</load_address>
         <run_address>0x811a80</run_address>
         <size>0x20</size>
         <input_file_ref idref="fl-31"/>
      </object_component>
      <object_component id="oc-15">
         <name>.text:decompress:none:__TI_decompress_none</name>
         <load_address>0x811aa0</load_address>
         <run_address>0x811aa0</run_address>
         <size>0x20</size>
         <input_file_ref idref="fl-29"/>
      </object_component>
      <object_component id="oc-1b">
         <name>.text:decompress:rle24:__TI_decompress_rle24</name>
         <load_address>0x811ac0</load_address>
         <run_address>0x811ac0</run_address>
         <size>0x20</size>
         <input_file_ref idref="fl-2a"/>
      </object_component>
      <object_component id="oc-1f7">
         <name>.cinit.myDDRdata.load</name>
         <load_address>0x811de0</load_address>
         <run_address>0x811de0</run_address>
         <size>0x1c13e</size>
      </object_component>
      <object_component id="oc-1f6">
         <name>.cinit..fardata.load</name>
         <load_address>0x82df1e</load_address>
         <run_address>0x82df1e</run_address>
         <size>0xa</size>
      </object_component>
      <object_component id="oc-1f4">
         <name>__TI_handler_table</name>
         <load_address>0x82df28</load_address>
         <run_address>0x82df28</run_address>
         <size>0x8</size>
      </object_component>
      <object_component id="oc-1f5">
         <name>__TI_cinit_table</name>
         <load_address>0x82df30</load_address>
         <run_address>0x82df30</run_address>
         <size>0x10</size>
      </object_component>
      <object_component id="oc-28">
         <name>.stack</name>
         <uninitialized>true</uninitialized>
         <run_address>0x800400</run_address>
         <size>0x8</size>
         <input_file_ref idref="fl-23"/>
      </object_component>
      <object_component id="oc-1f8">
         <name>.stack</name>
         <uninitialized>true</uninitialized>
         <run_address>0x800400</run_address>
         <size>0x0</size>
      </object_component>
      <object_component id="oc-120">
         <name>.const:$P$T0$1</name>
         <load_address>0x811ae0</load_address>
         <run_address>0x811ae0</run_address>
         <size>0x2f0</size>
         <input_file_ref idref="fl-4"/>
      </object_component>
      <object_component id="oc-8f">
         <name>.fardata</name>
         <load_address>0x811dd0</load_address>
         <run_address>0x811dd0</run_address>
         <size>0xc</size>
         <input_file_ref idref="fl-31"/>
      </object_component>
      <object_component id="oc-dc">
         <name>myDDRdata:uninit</name>
         <load_address>0x80000000</load_address>
         <run_address>0x80000000</run_address>
         <size>0xa2600</size>
         <input_file_ref idref="fl-2"/>
      </object_component>
      <object_component id="oc-df">
         <name>myDDRdata:init</name>
         <load_address>0x800a2600</load_address>
         <run_address>0x800a2600</run_address>
         <size>0x49aec</size>
         <input_file_ref idref="fl-2"/>
      </object_component>
      <object_component id="oc-11c">
         <name>.debug_info</name>
         <load_address>0x0</load_address>
         <run_address>0x0</run_address>
         <size>0x1a4</size>
         <input_file_ref idref="fl-2"/>
      </object_component>
      <object_component id="oc-dd">
         <name>.debug_info</name>
         <load_address>0x1a4</load_address>
         <run_address>0x1a4</run_address>
         <size>0x12c</size>
         <input_file_ref idref="fl-2"/>
      </object_component>
      <object_component id="oc-e0">
         <name>.debug_info</name>
         <load_address>0x2d0</load_address>
         <run_address>0x2d0</run_address>
         <size>0x12b</size>
         <input_file_ref idref="fl-2"/>
      </object_component>
      <object_component id="oc-144">
         <name>.debug_info</name>
         <load_address>0x3fb</load_address>
         <run_address>0x3fb</run_address>
         <size>0x26b</size>
         <input_file_ref idref="fl-2"/>
      </object_component>
      <object_component id="oc-13f">
         <name>.debug_info</name>
         <load_address>0x666</load_address>
         <run_address>0x666</run_address>
         <size>0x182</size>
         <input_file_ref idref="fl-2"/>
      </object_component>
      <object_component id="oc-6e">
         <name>.debug_info</name>
         <load_address>0x7e8</load_address>
         <run_address>0x7e8</run_address>
         <size>0xc0</size>
         <input_file_ref idref="fl-2"/>
      </object_component>
      <object_component id="oc-18f">
         <name>.debug_info</name>
         <load_address>0x8a8</load_address>
         <run_address>0x8a8</run_address>
         <size>0x275</size>
         <input_file_ref idref="fl-2"/>
      </object_component>
      <object_component id="oc-e9">
         <name>.debug_info</name>
         <load_address>0xb1d</load_address>
         <run_address>0xb1d</run_address>
         <size>0x6c3</size>
         <input_file_ref idref="fl-3"/>
      </object_component>
      <object_component id="oc-88">
         <name>.debug_info</name>
         <load_address>0x11e0</load_address>
         <run_address>0x11e0</run_address>
         <size>0x1d6</size>
         <input_file_ref idref="fl-3"/>
      </object_component>
      <object_component id="oc-149">
         <name>.debug_info</name>
         <load_address>0x13b6</load_address>
         <run_address>0x13b6</run_address>
         <size>0x35</size>
         <input_file_ref idref="fl-3"/>
      </object_component>
      <object_component id="oc-13c">
         <name>.debug_info</name>
         <load_address>0x13eb</load_address>
         <run_address>0x13eb</run_address>
         <size>0x62c</size>
         <input_file_ref idref="fl-4"/>
      </object_component>
      <object_component id="oc-121">
         <name>.debug_info</name>
         <load_address>0x1a17</load_address>
         <run_address>0x1a17</run_address>
         <size>0xf5</size>
         <input_file_ref idref="fl-4"/>
      </object_component>
      <object_component id="oc-e3">
         <name>.debug_info</name>
         <load_address>0x1b0c</load_address>
         <run_address>0x1b0c</run_address>
         <size>0x77a</size>
         <input_file_ref idref="fl-4"/>
      </object_component>
      <object_component id="oc-2c">
         <name>.debug_info</name>
         <load_address>0x2286</load_address>
         <run_address>0x2286</run_address>
         <size>0x111</size>
         <input_file_ref idref="fl-22"/>
      </object_component>
      <object_component id="oc-65">
         <name>.debug_info</name>
         <load_address>0x2397</load_address>
         <run_address>0x2397</run_address>
         <size>0x5ce</size>
         <input_file_ref idref="fl-23"/>
      </object_component>
      <object_component id="oc-29">
         <name>.debug_info</name>
         <load_address>0x2965</load_address>
         <run_address>0x2965</run_address>
         <size>0xe5</size>
         <input_file_ref idref="fl-23"/>
      </object_component>
      <object_component id="oc-26">
         <name>.debug_info</name>
         <load_address>0x2a4a</load_address>
         <run_address>0x2a4a</run_address>
         <size>0x172</size>
         <input_file_ref idref="fl-23"/>
      </object_component>
      <object_component id="oc-103">
         <name>.debug_info</name>
         <load_address>0x2bbc</load_address>
         <run_address>0x2bbc</run_address>
         <size>0x7b3</size>
         <input_file_ref idref="fl-24"/>
      </object_component>
      <object_component id="oc-9c">
         <name>.debug_info</name>
         <load_address>0x336f</load_address>
         <run_address>0x336f</run_address>
         <size>0x19f</size>
         <input_file_ref idref="fl-24"/>
      </object_component>
      <object_component id="oc-153">
         <name>.debug_info</name>
         <load_address>0x350e</load_address>
         <run_address>0x350e</run_address>
         <size>0x39</size>
         <input_file_ref idref="fl-24"/>
      </object_component>
      <object_component id="oc-15f">
         <name>.debug_info</name>
         <load_address>0x3547</load_address>
         <run_address>0x3547</run_address>
         <size>0x39</size>
         <input_file_ref idref="fl-24"/>
      </object_component>
      <object_component id="oc-10e">
         <name>.debug_info</name>
         <load_address>0x3580</load_address>
         <run_address>0x3580</run_address>
         <size>0x39</size>
         <input_file_ref idref="fl-24"/>
      </object_component>
      <object_component id="oc-158">
         <name>.debug_info</name>
         <load_address>0x35b9</load_address>
         <run_address>0x35b9</run_address>
         <size>0xcd</size>
         <input_file_ref idref="fl-24"/>
      </object_component>
      <object_component id="oc-5f">
         <name>.debug_info</name>
         <load_address>0x3686</load_address>
         <run_address>0x3686</run_address>
         <size>0x138</size>
         <input_file_ref idref="fl-25"/>
      </object_component>
      <object_component id="oc-f8">
         <name>.debug_info</name>
         <load_address>0x37be</load_address>
         <run_address>0x37be</run_address>
         <size>0x135</size>
         <input_file_ref idref="fl-26"/>
      </object_component>
      <object_component id="oc-cf">
         <name>.debug_info</name>
         <load_address>0x38f3</load_address>
         <run_address>0x38f3</run_address>
         <size>0x2c</size>
         <input_file_ref idref="fl-28"/>
      </object_component>
      <object_component id="oc-36">
         <name>.debug_info</name>
         <load_address>0x391f</load_address>
         <run_address>0x391f</run_address>
         <size>0x55c</size>
         <input_file_ref idref="fl-29"/>
      </object_component>
      <object_component id="oc-16">
         <name>.debug_info</name>
         <load_address>0x3e7b</load_address>
         <run_address>0x3e7b</run_address>
         <size>0x1bc</size>
         <input_file_ref idref="fl-29"/>
      </object_component>
      <object_component id="oc-31">
         <name>.debug_info</name>
         <load_address>0x4037</load_address>
         <run_address>0x4037</run_address>
         <size>0x46</size>
         <input_file_ref idref="fl-29"/>
      </object_component>
      <object_component id="oc-67">
         <name>.debug_info</name>
         <load_address>0x407d</load_address>
         <run_address>0x407d</run_address>
         <size>0x2c</size>
         <input_file_ref idref="fl-29"/>
      </object_component>
      <object_component id="oc-7a">
         <name>.debug_info</name>
         <load_address>0x40a9</load_address>
         <run_address>0x40a9</run_address>
         <size>0x58d</size>
         <input_file_ref idref="fl-2a"/>
      </object_component>
      <object_component id="oc-38">
         <name>.debug_info</name>
         <load_address>0x4636</load_address>
         <run_address>0x4636</run_address>
         <size>0x244</size>
         <input_file_ref idref="fl-2a"/>
      </object_component>
      <object_component id="oc-1d">
         <name>.debug_info</name>
         <load_address>0x487a</load_address>
         <run_address>0x487a</run_address>
         <size>0x1a1</size>
         <input_file_ref idref="fl-2a"/>
      </object_component>
      <object_component id="oc-3e">
         <name>.debug_info</name>
         <load_address>0x4a1b</load_address>
         <run_address>0x4a1b</run_address>
         <size>0x46</size>
         <input_file_ref idref="fl-2a"/>
      </object_component>
      <object_component id="oc-d6">
         <name>.debug_info</name>
         <load_address>0x4a61</load_address>
         <run_address>0x4a61</run_address>
         <size>0x39</size>
         <input_file_ref idref="fl-2a"/>
      </object_component>
      <object_component id="oc-7b">
         <name>.debug_info</name>
         <load_address>0x4a9a</load_address>
         <run_address>0x4a9a</run_address>
         <size>0x2c</size>
         <input_file_ref idref="fl-2a"/>
      </object_component>
      <object_component id="oc-12a">
         <name>.debug_info</name>
         <load_address>0x4ac6</load_address>
         <run_address>0x4ac6</run_address>
         <size>0x136</size>
         <input_file_ref idref="fl-2b"/>
      </object_component>
      <object_component id="oc-139">
         <name>.debug_info</name>
         <load_address>0x4bfc</load_address>
         <run_address>0x4bfc</run_address>
         <size>0x13b</size>
         <input_file_ref idref="fl-2c"/>
      </object_component>
      <object_component id="oc-1bf">
         <name>.debug_info</name>
         <load_address>0x4d37</load_address>
         <run_address>0x4d37</run_address>
         <size>0x546</size>
         <input_file_ref idref="fl-2d"/>
      </object_component>
      <object_component id="oc-180">
         <name>.debug_info</name>
         <load_address>0x527d</load_address>
         <run_address>0x527d</run_address>
         <size>0x172</size>
         <input_file_ref idref="fl-2d"/>
      </object_component>
      <object_component id="oc-125">
         <name>.debug_info</name>
         <load_address>0x53ef</load_address>
         <run_address>0x53ef</run_address>
         <size>0x231</size>
         <input_file_ref idref="fl-2e"/>
      </object_component>
      <object_component id="oc-175">
         <name>.debug_info</name>
         <load_address>0x5620</load_address>
         <run_address>0x5620</run_address>
         <size>0x7f</size>
         <input_file_ref idref="fl-2e"/>
      </object_component>
      <object_component id="oc-1b9">
         <name>.debug_info</name>
         <load_address>0x569f</load_address>
         <run_address>0x569f</run_address>
         <size>0x60</size>
         <input_file_ref idref="fl-2e"/>
      </object_component>
      <object_component id="oc-1b4">
         <name>.debug_info</name>
         <load_address>0x56ff</load_address>
         <run_address>0x56ff</run_address>
         <size>0x2c</size>
         <input_file_ref idref="fl-2e"/>
      </object_component>
      <object_component id="oc-17a">
         <name>.debug_info</name>
         <load_address>0x572b</load_address>
         <run_address>0x572b</run_address>
         <size>0x46</size>
         <input_file_ref idref="fl-2e"/>
      </object_component>
      <object_component id="oc-131">
         <name>.debug_info</name>
         <load_address>0x5771</load_address>
         <run_address>0x5771</run_address>
         <size>0x15e</size>
         <input_file_ref idref="fl-2f"/>
      </object_component>
      <object_component id="oc-187">
         <name>.debug_info</name>
         <load_address>0x58cf</load_address>
         <run_address>0x58cf</run_address>
         <size>0x94</size>
         <input_file_ref idref="fl-2f"/>
      </object_component>
      <object_component id="oc-16f">
         <name>.debug_info</name>
         <load_address>0x5963</load_address>
         <run_address>0x5963</run_address>
         <size>0x157</size>
         <input_file_ref idref="fl-30"/>
      </object_component>
      <object_component id="oc-1c0">
         <name>.debug_info</name>
         <load_address>0x5aba</load_address>
         <run_address>0x5aba</run_address>
         <size>0x2c</size>
         <input_file_ref idref="fl-30"/>
      </object_component>
      <object_component id="oc-1c7">
         <name>.debug_info</name>
         <load_address>0x5ae6</load_address>
         <run_address>0x5ae6</run_address>
         <size>0x2c</size>
         <input_file_ref idref="fl-30"/>
      </object_component>
      <object_component id="oc-1af">
         <name>.debug_info</name>
         <load_address>0x5b12</load_address>
         <run_address>0x5b12</run_address>
         <size>0x2c</size>
         <input_file_ref idref="fl-30"/>
      </object_component>
      <object_component id="oc-99">
         <name>.debug_info</name>
         <load_address>0x5b3e</load_address>
         <run_address>0x5b3e</run_address>
         <size>0x58b</size>
         <input_file_ref idref="fl-31"/>
      </object_component>
      <object_component id="oc-90">
         <name>.debug_info</name>
         <load_address>0x60c9</load_address>
         <run_address>0x60c9</run_address>
         <size>0x175</size>
         <input_file_ref idref="fl-31"/>
      </object_component>
      <object_component id="oc-96">
         <name>.debug_info</name>
         <load_address>0x623e</load_address>
         <run_address>0x623e</run_address>
         <size>0x107</size>
         <input_file_ref idref="fl-31"/>
      </object_component>
      <object_component id="oc-57">
         <name>.debug_info</name>
         <load_address>0x6345</load_address>
         <run_address>0x6345</run_address>
         <size>0x167</size>
         <input_file_ref idref="fl-31"/>
      </object_component>
      <object_component id="oc-8e">
         <name>.debug_info</name>
         <load_address>0x64ac</load_address>
         <run_address>0x64ac</run_address>
         <size>0x598</size>
         <input_file_ref idref="fl-32"/>
      </object_component>
      <object_component id="oc-50">
         <name>.debug_info</name>
         <load_address>0x6a44</load_address>
         <run_address>0x6a44</run_address>
         <size>0x157</size>
         <input_file_ref idref="fl-32"/>
      </object_component>
      <object_component id="oc-ec">
         <name>.debug_info</name>
         <load_address>0x6b9b</load_address>
         <run_address>0x6b9b</run_address>
         <size>0x5e</size>
         <input_file_ref idref="fl-32"/>
      </object_component>
      <object_component id="oc-150">
         <name>.debug_info</name>
         <load_address>0x6bf9</load_address>
         <run_address>0x6bf9</run_address>
         <size>0x6e9</size>
         <input_file_ref idref="fl-33"/>
      </object_component>
      <object_component id="oc-fe">
         <name>.debug_info</name>
         <load_address>0x72e2</load_address>
         <run_address>0x72e2</run_address>
         <size>0x1ff</size>
         <input_file_ref idref="fl-33"/>
      </object_component>
      <object_component id="oc-196">
         <name>.debug_info</name>
         <load_address>0x74e1</load_address>
         <run_address>0x74e1</run_address>
         <size>0x2c</size>
         <input_file_ref idref="fl-33"/>
      </object_component>
      <object_component id="oc-19b">
         <name>.debug_info</name>
         <load_address>0x750d</load_address>
         <run_address>0x750d</run_address>
         <size>0x39</size>
         <input_file_ref idref="fl-33"/>
      </object_component>
      <object_component id="oc-1ad">
         <name>.debug_info</name>
         <load_address>0x7546</load_address>
         <run_address>0x7546</run_address>
         <size>0x543</size>
         <input_file_ref idref="fl-35"/>
      </object_component>
      <object_component id="oc-169">
         <name>.debug_info</name>
         <load_address>0x7a89</load_address>
         <run_address>0x7a89</run_address>
         <size>0x18e</size>
         <input_file_ref idref="fl-35"/>
      </object_component>
      <object_component id="oc-1a8">
         <name>.debug_info</name>
         <load_address>0x7c17</load_address>
         <run_address>0x7c17</run_address>
         <size>0x39</size>
         <input_file_ref idref="fl-35"/>
      </object_component>
      <object_component id="oc-ce">
         <name>.debug_info</name>
         <load_address>0x7c50</load_address>
         <run_address>0x7c50</run_address>
         <size>0x553</size>
         <input_file_ref idref="fl-36"/>
      </object_component>
      <object_component id="oc-74">
         <name>.debug_info</name>
         <load_address>0x81a3</load_address>
         <run_address>0x81a3</run_address>
         <size>0x216</size>
         <input_file_ref idref="fl-36"/>
      </object_component>
      <object_component id="oc-1f9">
         <name>.debug_info</name>
         <load_address>0x83b9</load_address>
         <run_address>0x83b9</run_address>
         <size>0xcb</size>
      </object_component>
      <object_component id="oc-165">
         <name>.debug_line</name>
         <load_address>0x0</load_address>
         <run_address>0x0</run_address>
         <size>0x35</size>
         <input_file_ref idref="fl-2"/>
      </object_component>
      <object_component id="oc-11b">
         <name>.debug_line</name>
         <load_address>0x35</load_address>
         <run_address>0x35</run_address>
         <size>0x35</size>
         <input_file_ref idref="fl-2"/>
      </object_component>
      <object_component id="oc-11f">
         <name>.debug_line</name>
         <load_address>0x6a</load_address>
         <run_address>0x6a</run_address>
         <size>0x35</size>
         <input_file_ref idref="fl-2"/>
      </object_component>
      <object_component id="oc-146">
         <name>.debug_line</name>
         <load_address>0x9f</load_address>
         <run_address>0x9f</run_address>
         <size>0x6d</size>
         <input_file_ref idref="fl-2"/>
      </object_component>
      <object_component id="oc-141">
         <name>.debug_line</name>
         <load_address>0x10c</load_address>
         <run_address>0x10c</run_address>
         <size>0x3f</size>
         <input_file_ref idref="fl-2"/>
      </object_component>
      <object_component id="oc-70">
         <name>.debug_line</name>
         <load_address>0x14b</load_address>
         <run_address>0x14b</run_address>
         <size>0x20</size>
         <input_file_ref idref="fl-2"/>
      </object_component>
      <object_component id="oc-191">
         <name>.debug_line</name>
         <load_address>0x16b</load_address>
         <run_address>0x16b</run_address>
         <size>0x71</size>
         <input_file_ref idref="fl-2"/>
      </object_component>
      <object_component id="oc-13e">
         <name>.debug_line</name>
         <load_address>0x1dc</load_address>
         <run_address>0x1dc</run_address>
         <size>0x5e</size>
         <input_file_ref idref="fl-3"/>
      </object_component>
      <object_component id="oc-8c">
         <name>.debug_line</name>
         <load_address>0x23a</load_address>
         <run_address>0x23a</run_address>
         <size>0x5e</size>
         <input_file_ref idref="fl-3"/>
      </object_component>
      <object_component id="oc-14b">
         <name>.debug_line</name>
         <load_address>0x298</load_address>
         <run_address>0x298</run_address>
         <size>0x72</size>
         <input_file_ref idref="fl-3"/>
      </object_component>
      <object_component id="oc-18e">
         <name>.debug_line</name>
         <load_address>0x30a</load_address>
         <run_address>0x30a</run_address>
         <size>0x87</size>
         <input_file_ref idref="fl-4"/>
      </object_component>
      <object_component id="oc-167">
         <name>.debug_line</name>
         <load_address>0x391</load_address>
         <run_address>0x391</run_address>
         <size>0x36</size>
         <input_file_ref idref="fl-4"/>
      </object_component>
      <object_component id="oc-e6">
         <name>.debug_line</name>
         <load_address>0x3c7</load_address>
         <run_address>0x3c7</run_address>
         <size>0x250</size>
         <input_file_ref idref="fl-4"/>
      </object_component>
      <object_component id="oc-2f">
         <name>.debug_line</name>
         <load_address>0x617</load_address>
         <run_address>0x617</run_address>
         <size>0x4e</size>
         <input_file_ref idref="fl-22"/>
      </object_component>
      <object_component id="oc-cc">
         <name>.debug_line</name>
         <load_address>0x665</load_address>
         <run_address>0x665</run_address>
         <size>0x48</size>
         <input_file_ref idref="fl-23"/>
      </object_component>
      <object_component id="oc-64">
         <name>.debug_line</name>
         <load_address>0x6ad</load_address>
         <run_address>0x6ad</run_address>
         <size>0x2a</size>
         <input_file_ref idref="fl-23"/>
      </object_component>
      <object_component id="oc-24">
         <name>.debug_line</name>
         <load_address>0x6d7</load_address>
         <run_address>0x6d7</run_address>
         <size>0x5d</size>
         <input_file_ref idref="fl-23"/>
      </object_component>
      <object_component id="oc-152">
         <name>.debug_line</name>
         <load_address>0x734</load_address>
         <run_address>0x734</run_address>
         <size>0xb0</size>
         <input_file_ref idref="fl-24"/>
      </object_component>
      <object_component id="oc-9f">
         <name>.debug_line</name>
         <load_address>0x7e4</load_address>
         <run_address>0x7e4</run_address>
         <size>0x8d</size>
         <input_file_ref idref="fl-24"/>
      </object_component>
      <object_component id="oc-155">
         <name>.debug_line</name>
         <load_address>0x871</load_address>
         <run_address>0x871</run_address>
         <size>0x2e</size>
         <input_file_ref idref="fl-24"/>
      </object_component>
      <object_component id="oc-161">
         <name>.debug_line</name>
         <load_address>0x89f</load_address>
         <run_address>0x89f</run_address>
         <size>0x8b</size>
         <input_file_ref idref="fl-24"/>
      </object_component>
      <object_component id="oc-110">
         <name>.debug_line</name>
         <load_address>0x92a</load_address>
         <run_address>0x92a</run_address>
         <size>0x88</size>
         <input_file_ref idref="fl-24"/>
      </object_component>
      <object_component id="oc-15a">
         <name>.debug_line</name>
         <load_address>0x9b2</load_address>
         <run_address>0x9b2</run_address>
         <size>0x84</size>
         <input_file_ref idref="fl-24"/>
      </object_component>
      <object_component id="oc-5c">
         <name>.debug_line</name>
         <load_address>0xa36</load_address>
         <run_address>0xa36</run_address>
         <size>0x40</size>
         <input_file_ref idref="fl-25"/>
      </object_component>
      <object_component id="oc-fa">
         <name>.debug_line</name>
         <load_address>0xa76</load_address>
         <run_address>0xa76</run_address>
         <size>0x3b</size>
         <input_file_ref idref="fl-26"/>
      </object_component>
      <object_component id="oc-d1">
         <name>.debug_line</name>
         <load_address>0xab1</load_address>
         <run_address>0xab1</run_address>
         <size>0x83</size>
         <input_file_ref idref="fl-28"/>
      </object_component>
      <object_component id="oc-6d">
         <name>.debug_line</name>
         <load_address>0xb34</load_address>
         <run_address>0xb34</run_address>
         <size>0x20</size>
         <input_file_ref idref="fl-29"/>
      </object_component>
      <object_component id="oc-1a">
         <name>.debug_line</name>
         <load_address>0xb54</load_address>
         <run_address>0xb54</run_address>
         <size>0x53</size>
         <input_file_ref idref="fl-29"/>
      </object_component>
      <object_component id="oc-33">
         <name>.debug_line</name>
         <load_address>0xba7</load_address>
         <run_address>0xba7</run_address>
         <size>0x3a</size>
         <input_file_ref idref="fl-29"/>
      </object_component>
      <object_component id="oc-69">
         <name>.debug_line</name>
         <load_address>0xbe1</load_address>
         <run_address>0xbe1</run_address>
         <size>0x83</size>
         <input_file_ref idref="fl-29"/>
      </object_component>
      <object_component id="oc-d5">
         <name>.debug_line</name>
         <load_address>0xc64</load_address>
         <run_address>0xc64</run_address>
         <size>0x83</size>
         <input_file_ref idref="fl-2a"/>
      </object_component>
      <object_component id="oc-3b">
         <name>.debug_line</name>
         <load_address>0xce7</load_address>
         <run_address>0xce7</run_address>
         <size>0xc6</size>
         <input_file_ref idref="fl-2a"/>
      </object_component>
      <object_component id="oc-1c">
         <name>.debug_line</name>
         <load_address>0xdad</load_address>
         <run_address>0xdad</run_address>
         <size>0x49</size>
         <input_file_ref idref="fl-2a"/>
      </object_component>
      <object_component id="oc-40">
         <name>.debug_line</name>
         <load_address>0xdf6</load_address>
         <run_address>0xdf6</run_address>
         <size>0x39</size>
         <input_file_ref idref="fl-2a"/>
      </object_component>
      <object_component id="oc-d8">
         <name>.debug_line</name>
         <load_address>0xe2f</load_address>
         <run_address>0xe2f</run_address>
         <size>0x8b</size>
         <input_file_ref idref="fl-2a"/>
      </object_component>
      <object_component id="oc-7d">
         <name>.debug_line</name>
         <load_address>0xeba</load_address>
         <run_address>0xeba</run_address>
         <size>0x87</size>
         <input_file_ref idref="fl-2a"/>
      </object_component>
      <object_component id="oc-12d">
         <name>.debug_line</name>
         <load_address>0xf41</load_address>
         <run_address>0xf41</run_address>
         <size>0x62</size>
         <input_file_ref idref="fl-2b"/>
      </object_component>
      <object_component id="oc-136">
         <name>.debug_line</name>
         <load_address>0xfa3</load_address>
         <run_address>0xfa3</run_address>
         <size>0x67</size>
         <input_file_ref idref="fl-2c"/>
      </object_component>
      <object_component id="oc-1cd">
         <name>.debug_line</name>
         <load_address>0x100a</load_address>
         <run_address>0x100a</run_address>
         <size>0x20</size>
         <input_file_ref idref="fl-2d"/>
      </object_component>
      <object_component id="oc-183">
         <name>.debug_line</name>
         <load_address>0x102a</load_address>
         <run_address>0x102a</run_address>
         <size>0x8a</size>
         <input_file_ref idref="fl-2d"/>
      </object_component>
      <object_component id="oc-124">
         <name>.debug_line</name>
         <load_address>0x10b4</load_address>
         <run_address>0x10b4</run_address>
         <size>0x18f</size>
         <input_file_ref idref="fl-2e"/>
      </object_component>
      <object_component id="oc-177">
         <name>.debug_line</name>
         <load_address>0x1243</load_address>
         <run_address>0x1243</run_address>
         <size>0x2c</size>
         <input_file_ref idref="fl-2e"/>
      </object_component>
      <object_component id="oc-1bb">
         <name>.debug_line</name>
         <load_address>0x126f</load_address>
         <run_address>0x126f</run_address>
         <size>0x8b</size>
         <input_file_ref idref="fl-2e"/>
      </object_component>
      <object_component id="oc-1b6">
         <name>.debug_line</name>
         <load_address>0x12fa</load_address>
         <run_address>0x12fa</run_address>
         <size>0x87</size>
         <input_file_ref idref="fl-2e"/>
      </object_component>
      <object_component id="oc-17c">
         <name>.debug_line</name>
         <load_address>0x1381</load_address>
         <run_address>0x1381</run_address>
         <size>0x88</size>
         <input_file_ref idref="fl-2e"/>
      </object_component>
      <object_component id="oc-134">
         <name>.debug_line</name>
         <load_address>0x1409</load_address>
         <run_address>0x1409</run_address>
         <size>0x8f</size>
         <input_file_ref idref="fl-2f"/>
      </object_component>
      <object_component id="oc-189">
         <name>.debug_line</name>
         <load_address>0x1498</load_address>
         <run_address>0x1498</run_address>
         <size>0x2e</size>
         <input_file_ref idref="fl-2f"/>
      </object_component>
      <object_component id="oc-172">
         <name>.debug_line</name>
         <load_address>0x14c6</load_address>
         <run_address>0x14c6</run_address>
         <size>0x6a</size>
         <input_file_ref idref="fl-30"/>
      </object_component>
      <object_component id="oc-1c2">
         <name>.debug_line</name>
         <load_address>0x1530</load_address>
         <run_address>0x1530</run_address>
         <size>0x8b</size>
         <input_file_ref idref="fl-30"/>
      </object_component>
      <object_component id="oc-1c9">
         <name>.debug_line</name>
         <load_address>0x15bb</load_address>
         <run_address>0x15bb</run_address>
         <size>0x88</size>
         <input_file_ref idref="fl-30"/>
      </object_component>
      <object_component id="oc-1b1">
         <name>.debug_line</name>
         <load_address>0x1643</load_address>
         <run_address>0x1643</run_address>
         <size>0x2c</size>
         <input_file_ref idref="fl-30"/>
      </object_component>
      <object_component id="oc-f5">
         <name>.debug_line</name>
         <load_address>0x166f</load_address>
         <run_address>0x166f</run_address>
         <size>0x82</size>
         <input_file_ref idref="fl-31"/>
      </object_component>
      <object_component id="oc-f2">
         <name>.debug_line</name>
         <load_address>0x16f1</load_address>
         <run_address>0x16f1</run_address>
         <size>0x2a</size>
         <input_file_ref idref="fl-31"/>
      </object_component>
      <object_component id="oc-95">
         <name>.debug_line</name>
         <load_address>0x171b</load_address>
         <run_address>0x171b</run_address>
         <size>0x3a</size>
         <input_file_ref idref="fl-31"/>
      </object_component>
      <object_component id="oc-59">
         <name>.debug_line</name>
         <load_address>0x1755</load_address>
         <run_address>0x1755</run_address>
         <size>0x85</size>
         <input_file_ref idref="fl-31"/>
      </object_component>
      <object_component id="oc-eb">
         <name>.debug_line</name>
         <load_address>0x17da</load_address>
         <run_address>0x17da</run_address>
         <size>0x2f</size>
         <input_file_ref idref="fl-32"/>
      </object_component>
      <object_component id="oc-53">
         <name>.debug_line</name>
         <load_address>0x1809</load_address>
         <run_address>0x1809</run_address>
         <size>0x4e</size>
         <input_file_ref idref="fl-32"/>
      </object_component>
      <object_component id="oc-ee">
         <name>.debug_line</name>
         <load_address>0x1857</load_address>
         <run_address>0x1857</run_address>
         <size>0x2f</size>
         <input_file_ref idref="fl-32"/>
      </object_component>
      <object_component id="oc-195">
         <name>.debug_line</name>
         <load_address>0x1886</load_address>
         <run_address>0x1886</run_address>
         <size>0x29</size>
         <input_file_ref idref="fl-33"/>
      </object_component>
      <object_component id="oc-fd">
         <name>.debug_line</name>
         <load_address>0x18af</load_address>
         <run_address>0x18af</run_address>
         <size>0x7b</size>
         <input_file_ref idref="fl-33"/>
      </object_component>
      <object_component id="oc-198">
         <name>.debug_line</name>
         <load_address>0x192a</load_address>
         <run_address>0x192a</run_address>
         <size>0x29</size>
         <input_file_ref idref="fl-33"/>
      </object_component>
      <object_component id="oc-19d">
         <name>.debug_line</name>
         <load_address>0x1953</load_address>
         <run_address>0x1953</run_address>
         <size>0x83</size>
         <input_file_ref idref="fl-33"/>
      </object_component>
      <object_component id="oc-1c6">
         <name>.debug_line</name>
         <load_address>0x19d6</load_address>
         <run_address>0x19d6</run_address>
         <size>0x20</size>
         <input_file_ref idref="fl-35"/>
      </object_component>
      <object_component id="oc-16d">
         <name>.debug_line</name>
         <load_address>0x19f6</load_address>
         <run_address>0x19f6</run_address>
         <size>0x41</size>
         <input_file_ref idref="fl-35"/>
      </object_component>
      <object_component id="oc-1aa">
         <name>.debug_line</name>
         <load_address>0x1a37</load_address>
         <run_address>0x1a37</run_address>
         <size>0x88</size>
         <input_file_ref idref="fl-35"/>
      </object_component>
      <object_component id="oc-117">
         <name>.debug_line</name>
         <load_address>0x1abf</load_address>
         <run_address>0x1abf</run_address>
         <size>0x20</size>
         <input_file_ref idref="fl-36"/>
      </object_component>
      <object_component id="oc-77">
         <name>.debug_line</name>
         <load_address>0x1adf</load_address>
         <run_address>0x1adf</run_address>
         <size>0x61</size>
         <input_file_ref idref="fl-36"/>
      </object_component>
      <object_component id="oc-164">
         <name>.debug_abbrev</name>
         <load_address>0x0</load_address>
         <run_address>0x0</run_address>
         <size>0x97</size>
         <input_file_ref idref="fl-2"/>
      </object_component>
      <object_component id="oc-11a">
         <name>.debug_abbrev</name>
         <load_address>0x97</load_address>
         <run_address>0x97</run_address>
         <size>0x29</size>
         <input_file_ref idref="fl-2"/>
      </object_component>
      <object_component id="oc-11e">
         <name>.debug_abbrev</name>
         <load_address>0xc0</load_address>
         <run_address>0xc0</run_address>
         <size>0x29</size>
         <input_file_ref idref="fl-2"/>
      </object_component>
      <object_component id="oc-147">
         <name>.debug_abbrev</name>
         <load_address>0xe9</load_address>
         <run_address>0xe9</run_address>
         <size>0x69</size>
         <input_file_ref idref="fl-2"/>
      </object_component>
      <object_component id="oc-142">
         <name>.debug_abbrev</name>
         <load_address>0x152</load_address>
         <run_address>0x152</run_address>
         <size>0x4b</size>
         <input_file_ref idref="fl-2"/>
      </object_component>
      <object_component id="oc-71">
         <name>.debug_abbrev</name>
         <load_address>0x19d</load_address>
         <run_address>0x19d</run_address>
         <size>0x2e</size>
         <input_file_ref idref="fl-2"/>
      </object_component>
      <object_component id="oc-192">
         <name>.debug_abbrev</name>
         <load_address>0x1cb</load_address>
         <run_address>0x1cb</run_address>
         <size>0x35</size>
         <input_file_ref idref="fl-2"/>
      </object_component>
      <object_component id="oc-13d">
         <name>.debug_abbrev</name>
         <load_address>0x200</load_address>
         <run_address>0x200</run_address>
         <size>0xc1</size>
         <input_file_ref idref="fl-3"/>
      </object_component>
      <object_component id="oc-e8">
         <name>.debug_abbrev</name>
         <load_address>0x2c1</load_address>
         <run_address>0x2c1</run_address>
         <size>0x6e</size>
         <input_file_ref idref="fl-3"/>
      </object_component>
      <object_component id="oc-14c">
         <name>.debug_abbrev</name>
         <load_address>0x32f</load_address>
         <run_address>0x32f</run_address>
         <size>0x33</size>
         <input_file_ref idref="fl-3"/>
      </object_component>
      <object_component id="oc-18d">
         <name>.debug_abbrev</name>
         <load_address>0x362</load_address>
         <run_address>0x362</run_address>
         <size>0xb3</size>
         <input_file_ref idref="fl-4"/>
      </object_component>
      <object_component id="oc-166">
         <name>.debug_abbrev</name>
         <load_address>0x415</load_address>
         <run_address>0x415</run_address>
         <size>0x27</size>
         <input_file_ref idref="fl-4"/>
      </object_component>
      <object_component id="oc-13b">
         <name>.debug_abbrev</name>
         <load_address>0x43c</load_address>
         <run_address>0x43c</run_address>
         <size>0xb6</size>
         <input_file_ref idref="fl-4"/>
      </object_component>
      <object_component id="oc-66">
         <name>.debug_abbrev</name>
         <load_address>0x4f2</load_address>
         <run_address>0x4f2</run_address>
         <size>0x3e</size>
         <input_file_ref idref="fl-22"/>
      </object_component>
      <object_component id="oc-cb">
         <name>.debug_abbrev</name>
         <load_address>0x530</load_address>
         <run_address>0x530</run_address>
         <size>0x79</size>
         <input_file_ref idref="fl-23"/>
      </object_component>
      <object_component id="oc-63">
         <name>.debug_abbrev</name>
         <load_address>0x5a9</load_address>
         <run_address>0x5a9</run_address>
         <size>0x29</size>
         <input_file_ref idref="fl-23"/>
      </object_component>
      <object_component id="oc-62">
         <name>.debug_abbrev</name>
         <load_address>0x5d2</load_address>
         <run_address>0x5d2</run_address>
         <size>0x64</size>
         <input_file_ref idref="fl-23"/>
      </object_component>
      <object_component id="oc-151">
         <name>.debug_abbrev</name>
         <load_address>0x636</load_address>
         <run_address>0x636</run_address>
         <size>0xc0</size>
         <input_file_ref idref="fl-24"/>
      </object_component>
      <object_component id="oc-102">
         <name>.debug_abbrev</name>
         <load_address>0x6f6</load_address>
         <run_address>0x6f6</run_address>
         <size>0x7e</size>
         <input_file_ref idref="fl-24"/>
      </object_component>
      <object_component id="oc-156">
         <name>.debug_abbrev</name>
         <load_address>0x774</load_address>
         <run_address>0x774</run_address>
         <size>0x24</size>
         <input_file_ref idref="fl-24"/>
      </object_component>
      <object_component id="oc-162">
         <name>.debug_abbrev</name>
         <load_address>0x798</load_address>
         <run_address>0x798</run_address>
         <size>0x24</size>
         <input_file_ref idref="fl-24"/>
      </object_component>
      <object_component id="oc-111">
         <name>.debug_abbrev</name>
         <load_address>0x7bc</load_address>
         <run_address>0x7bc</run_address>
         <size>0x24</size>
         <input_file_ref idref="fl-24"/>
      </object_component>
      <object_component id="oc-15b">
         <name>.debug_abbrev</name>
         <load_address>0x7e0</load_address>
         <run_address>0x7e0</run_address>
         <size>0x4b</size>
         <input_file_ref idref="fl-24"/>
      </object_component>
      <object_component id="oc-9a">
         <name>.debug_abbrev</name>
         <load_address>0x82b</load_address>
         <run_address>0x82b</run_address>
         <size>0x55</size>
         <input_file_ref idref="fl-25"/>
      </object_component>
      <object_component id="oc-14e">
         <name>.debug_abbrev</name>
         <load_address>0x880</load_address>
         <run_address>0x880</run_address>
         <size>0x53</size>
         <input_file_ref idref="fl-26"/>
      </object_component>
      <object_component id="oc-d2">
         <name>.debug_abbrev</name>
         <load_address>0x8d3</load_address>
         <run_address>0x8d3</run_address>
         <size>0x24</size>
         <input_file_ref idref="fl-28"/>
      </object_component>
      <object_component id="oc-6c">
         <name>.debug_abbrev</name>
         <load_address>0x8f7</load_address>
         <run_address>0x8f7</run_address>
         <size>0x37</size>
         <input_file_ref idref="fl-29"/>
      </object_component>
      <object_component id="oc-30">
         <name>.debug_abbrev</name>
         <load_address>0x92e</load_address>
         <run_address>0x92e</run_address>
         <size>0x74</size>
         <input_file_ref idref="fl-29"/>
      </object_component>
      <object_component id="oc-34">
         <name>.debug_abbrev</name>
         <load_address>0x9a2</load_address>
         <run_address>0x9a2</run_address>
         <size>0x24</size>
         <input_file_ref idref="fl-29"/>
      </object_component>
      <object_component id="oc-6a">
         <name>.debug_abbrev</name>
         <load_address>0x9c6</load_address>
         <run_address>0x9c6</run_address>
         <size>0x24</size>
         <input_file_ref idref="fl-29"/>
      </object_component>
      <object_component id="oc-d4">
         <name>.debug_abbrev</name>
         <load_address>0x9ea</load_address>
         <run_address>0x9ea</run_address>
         <size>0x5d</size>
         <input_file_ref idref="fl-2a"/>
      </object_component>
      <object_component id="oc-79">
         <name>.debug_abbrev</name>
         <load_address>0xa47</load_address>
         <run_address>0xa47</run_address>
         <size>0x7b</size>
         <input_file_ref idref="fl-2a"/>
      </object_component>
      <object_component id="oc-3d">
         <name>.debug_abbrev</name>
         <load_address>0xac2</load_address>
         <run_address>0xac2</run_address>
         <size>0x66</size>
         <input_file_ref idref="fl-2a"/>
      </object_component>
      <object_component id="oc-41">
         <name>.debug_abbrev</name>
         <load_address>0xb28</load_address>
         <run_address>0xb28</run_address>
         <size>0x24</size>
         <input_file_ref idref="fl-2a"/>
      </object_component>
      <object_component id="oc-d9">
         <name>.debug_abbrev</name>
         <load_address>0xb4c</load_address>
         <run_address>0xb4c</run_address>
         <size>0x35</size>
         <input_file_ref idref="fl-2a"/>
      </object_component>
      <object_component id="oc-7e">
         <name>.debug_abbrev</name>
         <load_address>0xb81</load_address>
         <run_address>0xb81</run_address>
         <size>0x24</size>
         <input_file_ref idref="fl-2a"/>
      </object_component>
      <object_component id="oc-185">
         <name>.debug_abbrev</name>
         <load_address>0xba5</load_address>
         <run_address>0xba5</run_address>
         <size>0x7f</size>
         <input_file_ref idref="fl-2b"/>
      </object_component>
      <object_component id="oc-18c">
         <name>.debug_abbrev</name>
         <load_address>0xc24</load_address>
         <run_address>0xc24</run_address>
         <size>0x7f</size>
         <input_file_ref idref="fl-2c"/>
      </object_component>
      <object_component id="oc-1cc">
         <name>.debug_abbrev</name>
         <load_address>0xca3</load_address>
         <run_address>0xca3</run_address>
         <size>0x35</size>
         <input_file_ref idref="fl-2d"/>
      </object_component>
      <object_component id="oc-1be">
         <name>.debug_abbrev</name>
         <load_address>0xcd8</load_address>
         <run_address>0xcd8</run_address>
         <size>0x71</size>
         <input_file_ref idref="fl-2d"/>
      </object_component>
      <object_component id="oc-174">
         <name>.debug_abbrev</name>
         <load_address>0xd49</load_address>
         <run_address>0xd49</run_address>
         <size>0x7f</size>
         <input_file_ref idref="fl-2e"/>
      </object_component>
      <object_component id="oc-178">
         <name>.debug_abbrev</name>
         <load_address>0xdc8</load_address>
         <run_address>0xdc8</run_address>
         <size>0x70</size>
         <input_file_ref idref="fl-2e"/>
      </object_component>
      <object_component id="oc-1bc">
         <name>.debug_abbrev</name>
         <load_address>0xe38</load_address>
         <run_address>0xe38</run_address>
         <size>0x35</size>
         <input_file_ref idref="fl-2e"/>
      </object_component>
      <object_component id="oc-1b7">
         <name>.debug_abbrev</name>
         <load_address>0xe6d</load_address>
         <run_address>0xe6d</run_address>
         <size>0x24</size>
         <input_file_ref idref="fl-2e"/>
      </object_component>
      <object_component id="oc-17d">
         <name>.debug_abbrev</name>
         <load_address>0xe91</load_address>
         <run_address>0xe91</run_address>
         <size>0x24</size>
         <input_file_ref idref="fl-2e"/>
      </object_component>
      <object_component id="oc-186">
         <name>.debug_abbrev</name>
         <load_address>0xeb5</load_address>
         <run_address>0xeb5</run_address>
         <size>0x71</size>
         <input_file_ref idref="fl-2f"/>
      </object_component>
      <object_component id="oc-18a">
         <name>.debug_abbrev</name>
         <load_address>0xf26</load_address>
         <run_address>0xf26</run_address>
         <size>0x70</size>
         <input_file_ref idref="fl-2f"/>
      </object_component>
      <object_component id="oc-1ae">
         <name>.debug_abbrev</name>
         <load_address>0xf96</load_address>
         <run_address>0xf96</run_address>
         <size>0x63</size>
         <input_file_ref idref="fl-30"/>
      </object_component>
      <object_component id="oc-1c3">
         <name>.debug_abbrev</name>
         <load_address>0xff9</load_address>
         <run_address>0xff9</run_address>
         <size>0x24</size>
         <input_file_ref idref="fl-30"/>
      </object_component>
      <object_component id="oc-1ca">
         <name>.debug_abbrev</name>
         <load_address>0x101d</load_address>
         <run_address>0x101d</run_address>
         <size>0x24</size>
         <input_file_ref idref="fl-30"/>
      </object_component>
      <object_component id="oc-1b2">
         <name>.debug_abbrev</name>
         <load_address>0x1041</load_address>
         <run_address>0x1041</run_address>
         <size>0x24</size>
         <input_file_ref idref="fl-30"/>
      </object_component>
      <object_component id="oc-f4">
         <name>.debug_abbrev</name>
         <load_address>0x1065</load_address>
         <run_address>0x1065</run_address>
         <size>0x59</size>
         <input_file_ref idref="fl-31"/>
      </object_component>
      <object_component id="oc-f1">
         <name>.debug_abbrev</name>
         <load_address>0x10be</load_address>
         <run_address>0x10be</run_address>
         <size>0x29</size>
         <input_file_ref idref="fl-31"/>
      </object_component>
      <object_component id="oc-f3">
         <name>.debug_abbrev</name>
         <load_address>0x10e7</load_address>
         <run_address>0x10e7</run_address>
         <size>0x45</size>
         <input_file_ref idref="fl-31"/>
      </object_component>
      <object_component id="oc-98">
         <name>.debug_abbrev</name>
         <load_address>0x112c</load_address>
         <run_address>0x112c</run_address>
         <size>0x8c</size>
         <input_file_ref idref="fl-31"/>
      </object_component>
      <object_component id="oc-ea">
         <name>.debug_abbrev</name>
         <load_address>0x11b8</load_address>
         <run_address>0x11b8</run_address>
         <size>0x80</size>
         <input_file_ref idref="fl-32"/>
      </object_component>
      <object_component id="oc-8d">
         <name>.debug_abbrev</name>
         <load_address>0x1238</load_address>
         <run_address>0x1238</run_address>
         <size>0x68</size>
         <input_file_ref idref="fl-32"/>
      </object_component>
      <object_component id="oc-ef">
         <name>.debug_abbrev</name>
         <load_address>0x12a0</load_address>
         <run_address>0x12a0</run_address>
         <size>0x49</size>
         <input_file_ref idref="fl-32"/>
      </object_component>
      <object_component id="oc-194">
         <name>.debug_abbrev</name>
         <load_address>0x12e9</load_address>
         <run_address>0x12e9</run_address>
         <size>0x95</size>
         <input_file_ref idref="fl-33"/>
      </object_component>
      <object_component id="oc-14f">
         <name>.debug_abbrev</name>
         <load_address>0x137e</load_address>
         <run_address>0x137e</run_address>
         <size>0x7e</size>
         <input_file_ref idref="fl-33"/>
      </object_component>
      <object_component id="oc-199">
         <name>.debug_abbrev</name>
         <load_address>0x13fc</load_address>
         <run_address>0x13fc</run_address>
         <size>0x24</size>
         <input_file_ref idref="fl-33"/>
      </object_component>
      <object_component id="oc-19e">
         <name>.debug_abbrev</name>
         <load_address>0x1420</load_address>
         <run_address>0x1420</run_address>
         <size>0x24</size>
         <input_file_ref idref="fl-33"/>
      </object_component>
      <object_component id="oc-1c5">
         <name>.debug_abbrev</name>
         <load_address>0x1444</load_address>
         <run_address>0x1444</run_address>
         <size>0x25</size>
         <input_file_ref idref="fl-35"/>
      </object_component>
      <object_component id="oc-1a7">
         <name>.debug_abbrev</name>
         <load_address>0x1469</load_address>
         <run_address>0x1469</run_address>
         <size>0x71</size>
         <input_file_ref idref="fl-35"/>
      </object_component>
      <object_component id="oc-1ab">
         <name>.debug_abbrev</name>
         <load_address>0x14da</load_address>
         <run_address>0x14da</run_address>
         <size>0x24</size>
         <input_file_ref idref="fl-35"/>
      </object_component>
      <object_component id="oc-116">
         <name>.debug_abbrev</name>
         <load_address>0x14fe</load_address>
         <run_address>0x14fe</run_address>
         <size>0x3c</size>
         <input_file_ref idref="fl-36"/>
      </object_component>
      <object_component id="oc-cd">
         <name>.debug_abbrev</name>
         <load_address>0x153a</load_address>
         <run_address>0x153a</run_address>
         <size>0x71</size>
         <input_file_ref idref="fl-36"/>
      </object_component>
      <object_component id="oc-1fa">
         <name>.debug_abbrev</name>
         <load_address>0x15ab</load_address>
         <run_address>0x15ab</run_address>
         <size>0xf</size>
      </object_component>
      <object_component id="oc-148">
         <name>.debug_str</name>
         <load_address>0x0</load_address>
         <run_address>0x0</run_address>
         <size>0x2cd</size>
         <input_file_ref idref="fl-2"/>
      </object_component>
      <object_component id="oc-143">
         <name>.debug_str</name>
         <load_address>0x2cd</load_address>
         <run_address>0x2cd</run_address>
         <size>0x15a</size>
         <input_file_ref idref="fl-2"/>
      </object_component>
      <object_component id="oc-72">
         <name>.debug_str</name>
         <load_address>0x427</load_address>
         <run_address>0x427</run_address>
         <size>0x13b</size>
         <input_file_ref idref="fl-2"/>
      </object_component>
      <object_component id="oc-193">
         <name>.debug_str</name>
         <load_address>0x562</load_address>
         <run_address>0x562</run_address>
         <size>0x34b</size>
         <input_file_ref idref="fl-2"/>
      </object_component>
      <object_component id="oc-14d">
         <name>.debug_str</name>
         <load_address>0x8ad</load_address>
         <run_address>0x8ad</run_address>
         <size>0x113</size>
         <input_file_ref idref="fl-3"/>
      </object_component>
      <object_component id="oc-157">
         <name>.debug_str</name>
         <load_address>0x9c0</load_address>
         <run_address>0x9c0</run_address>
         <size>0xd2</size>
         <input_file_ref idref="fl-24"/>
      </object_component>
      <object_component id="oc-163">
         <name>.debug_str</name>
         <load_address>0xa92</load_address>
         <run_address>0xa92</run_address>
         <size>0x12d</size>
         <input_file_ref idref="fl-24"/>
      </object_component>
      <object_component id="oc-112">
         <name>.debug_str</name>
         <load_address>0xbbf</load_address>
         <run_address>0xbbf</run_address>
         <size>0x126</size>
         <input_file_ref idref="fl-24"/>
      </object_component>
      <object_component id="oc-15c">
         <name>.debug_str</name>
         <load_address>0xce5</load_address>
         <run_address>0xce5</run_address>
         <size>0x16d</size>
         <input_file_ref idref="fl-24"/>
      </object_component>
      <object_component id="oc-d3">
         <name>.debug_str</name>
         <load_address>0xe52</load_address>
         <run_address>0xe52</run_address>
         <size>0x116</size>
         <input_file_ref idref="fl-28"/>
      </object_component>
      <object_component id="oc-35">
         <name>.debug_str</name>
         <load_address>0xf68</load_address>
         <run_address>0xf68</run_address>
         <size>0xf0</size>
         <input_file_ref idref="fl-29"/>
      </object_component>
      <object_component id="oc-6b">
         <name>.debug_str</name>
         <load_address>0x1058</load_address>
         <run_address>0x1058</run_address>
         <size>0x116</size>
         <input_file_ref idref="fl-29"/>
      </object_component>
      <object_component id="oc-42">
         <name>.debug_str</name>
         <load_address>0x116e</load_address>
         <run_address>0x116e</run_address>
         <size>0xeb</size>
         <input_file_ref idref="fl-2a"/>
      </object_component>
      <object_component id="oc-da">
         <name>.debug_str</name>
         <load_address>0x1259</load_address>
         <run_address>0x1259</run_address>
         <size>0x132</size>
         <input_file_ref idref="fl-2a"/>
      </object_component>
      <object_component id="oc-7f">
         <name>.debug_str</name>
         <load_address>0x138b</load_address>
         <run_address>0x138b</run_address>
         <size>0x121</size>
         <input_file_ref idref="fl-2a"/>
      </object_component>
      <object_component id="oc-179">
         <name>.debug_str</name>
         <load_address>0x14ac</load_address>
         <run_address>0x14ac</run_address>
         <size>0xdd</size>
         <input_file_ref idref="fl-2e"/>
      </object_component>
      <object_component id="oc-1bd">
         <name>.debug_str</name>
         <load_address>0x1589</load_address>
         <run_address>0x1589</run_address>
         <size>0x151</size>
         <input_file_ref idref="fl-2e"/>
      </object_component>
      <object_component id="oc-1b8">
         <name>.debug_str</name>
         <load_address>0x16da</load_address>
         <run_address>0x16da</run_address>
         <size>0x121</size>
         <input_file_ref idref="fl-2e"/>
      </object_component>
      <object_component id="oc-17e">
         <name>.debug_str</name>
         <load_address>0x17fb</load_address>
         <run_address>0x17fb</run_address>
         <size>0x12e</size>
         <input_file_ref idref="fl-2e"/>
      </object_component>
      <object_component id="oc-18b">
         <name>.debug_str</name>
         <load_address>0x1929</load_address>
         <run_address>0x1929</run_address>
         <size>0xdc</size>
         <input_file_ref idref="fl-2f"/>
      </object_component>
      <object_component id="oc-1c4">
         <name>.debug_str</name>
         <load_address>0x1a05</load_address>
         <run_address>0x1a05</run_address>
         <size>0x122</size>
         <input_file_ref idref="fl-30"/>
      </object_component>
      <object_component id="oc-1cb">
         <name>.debug_str</name>
         <load_address>0x1b27</load_address>
         <run_address>0x1b27</run_address>
         <size>0x11d</size>
         <input_file_ref idref="fl-30"/>
      </object_component>
      <object_component id="oc-1b3">
         <name>.debug_str</name>
         <load_address>0x1c44</load_address>
         <run_address>0x1c44</run_address>
         <size>0xc3</size>
         <input_file_ref idref="fl-30"/>
      </object_component>
      <object_component id="oc-f0">
         <name>.debug_str</name>
         <load_address>0x1d07</load_address>
         <run_address>0x1d07</run_address>
         <size>0xca</size>
         <input_file_ref idref="fl-32"/>
      </object_component>
      <object_component id="oc-19a">
         <name>.debug_str</name>
         <load_address>0x1dd1</load_address>
         <run_address>0x1dd1</run_address>
         <size>0xc2</size>
         <input_file_ref idref="fl-33"/>
      </object_component>
      <object_component id="oc-19f">
         <name>.debug_str</name>
         <load_address>0x1e93</load_address>
         <run_address>0x1e93</run_address>
         <size>0x120</size>
         <input_file_ref idref="fl-33"/>
      </object_component>
      <object_component id="oc-1ac">
         <name>.debug_str</name>
         <load_address>0x1fb3</load_address>
         <run_address>0x1fb3</run_address>
         <size>0x122</size>
         <input_file_ref idref="fl-35"/>
      </object_component>
      <object_component id="oc-11d">
         <name>.debug_pubnames</name>
         <load_address>0x0</load_address>
         <run_address>0x0</run_address>
         <size>0x21</size>
         <input_file_ref idref="fl-2"/>
      </object_component>
      <object_component id="oc-de">
         <name>.debug_pubnames</name>
         <load_address>0x21</load_address>
         <run_address>0x21</run_address>
         <size>0x36</size>
         <input_file_ref idref="fl-2"/>
      </object_component>
      <object_component id="oc-e1">
         <name>.debug_pubnames</name>
         <load_address>0x57</load_address>
         <run_address>0x57</run_address>
         <size>0x32</size>
         <input_file_ref idref="fl-2"/>
      </object_component>
      <object_component id="oc-89">
         <name>.debug_pubnames</name>
         <load_address>0x89</load_address>
         <run_address>0x89</run_address>
         <size>0x1b</size>
         <input_file_ref idref="fl-3"/>
      </object_component>
      <object_component id="oc-122">
         <name>.debug_pubnames</name>
         <load_address>0xa4</load_address>
         <run_address>0xa4</run_address>
         <size>0x1e</size>
         <input_file_ref idref="fl-4"/>
      </object_component>
      <object_component id="oc-e5">
         <name>.debug_pubnames</name>
         <load_address>0xc2</load_address>
         <run_address>0xc2</run_address>
         <size>0x48</size>
         <input_file_ref idref="fl-4"/>
      </object_component>
      <object_component id="oc-2d">
         <name>.debug_pubnames</name>
         <load_address>0x10a</load_address>
         <run_address>0x10a</run_address>
         <size>0x1d</size>
         <input_file_ref idref="fl-22"/>
      </object_component>
      <object_component id="oc-2a">
         <name>.debug_pubnames</name>
         <load_address>0x127</load_address>
         <run_address>0x127</run_address>
         <size>0x1d</size>
         <input_file_ref idref="fl-23"/>
      </object_component>
      <object_component id="oc-27">
         <name>.debug_pubnames</name>
         <load_address>0x144</load_address>
         <run_address>0x144</run_address>
         <size>0x1f</size>
         <input_file_ref idref="fl-23"/>
      </object_component>
      <object_component id="oc-9d">
         <name>.debug_pubnames</name>
         <load_address>0x163</load_address>
         <run_address>0x163</run_address>
         <size>0x35</size>
         <input_file_ref idref="fl-24"/>
      </object_component>
      <object_component id="oc-60">
         <name>.debug_pubnames</name>
         <load_address>0x198</load_address>
         <run_address>0x198</run_address>
         <size>0x27</size>
         <input_file_ref idref="fl-25"/>
      </object_component>
      <object_component id="oc-f9">
         <name>.debug_pubnames</name>
         <load_address>0x1bf</load_address>
         <run_address>0x1bf</run_address>
         <size>0x29</size>
         <input_file_ref idref="fl-26"/>
      </object_component>
      <object_component id="oc-17">
         <name>.debug_pubnames</name>
         <load_address>0x1e8</load_address>
         <run_address>0x1e8</run_address>
         <size>0x2b</size>
         <input_file_ref idref="fl-29"/>
      </object_component>
      <object_component id="oc-3a">
         <name>.debug_pubnames</name>
         <load_address>0x213</load_address>
         <run_address>0x213</run_address>
         <size>0x2f</size>
         <input_file_ref idref="fl-2a"/>
      </object_component>
      <object_component id="oc-1f">
         <name>.debug_pubnames</name>
         <load_address>0x242</load_address>
         <run_address>0x242</run_address>
         <size>0x2c</size>
         <input_file_ref idref="fl-2a"/>
      </object_component>
      <object_component id="oc-12b">
         <name>.debug_pubnames</name>
         <load_address>0x26e</load_address>
         <run_address>0x26e</run_address>
         <size>0x1b</size>
         <input_file_ref idref="fl-2b"/>
      </object_component>
      <object_component id="oc-13a">
         <name>.debug_pubnames</name>
         <load_address>0x289</load_address>
         <run_address>0x289</run_address>
         <size>0x1c</size>
         <input_file_ref idref="fl-2c"/>
      </object_component>
      <object_component id="oc-181">
         <name>.debug_pubnames</name>
         <load_address>0x2a5</load_address>
         <run_address>0x2a5</run_address>
         <size>0x1b</size>
         <input_file_ref idref="fl-2d"/>
      </object_component>
      <object_component id="oc-126">
         <name>.debug_pubnames</name>
         <load_address>0x2c0</load_address>
         <run_address>0x2c0</run_address>
         <size>0x24</size>
         <input_file_ref idref="fl-2e"/>
      </object_component>
      <object_component id="oc-133">
         <name>.debug_pubnames</name>
         <load_address>0x2e4</load_address>
         <run_address>0x2e4</run_address>
         <size>0x25</size>
         <input_file_ref idref="fl-2f"/>
      </object_component>
      <object_component id="oc-171">
         <name>.debug_pubnames</name>
         <load_address>0x309</load_address>
         <run_address>0x309</run_address>
         <size>0x27</size>
         <input_file_ref idref="fl-30"/>
      </object_component>
      <object_component id="oc-91">
         <name>.debug_pubnames</name>
         <load_address>0x330</load_address>
         <run_address>0x330</run_address>
         <size>0x5e</size>
         <input_file_ref idref="fl-31"/>
      </object_component>
      <object_component id="oc-97">
         <name>.debug_pubnames</name>
         <load_address>0x38e</load_address>
         <run_address>0x38e</run_address>
         <size>0x1c</size>
         <input_file_ref idref="fl-31"/>
      </object_component>
      <object_component id="oc-58">
         <name>.debug_pubnames</name>
         <load_address>0x3aa</load_address>
         <run_address>0x3aa</run_address>
         <size>0x1b</size>
         <input_file_ref idref="fl-31"/>
      </object_component>
      <object_component id="oc-51">
         <name>.debug_pubnames</name>
         <load_address>0x3c5</load_address>
         <run_address>0x3c5</run_address>
         <size>0x21</size>
         <input_file_ref idref="fl-32"/>
      </object_component>
      <object_component id="oc-100">
         <name>.debug_pubnames</name>
         <load_address>0x3e6</load_address>
         <run_address>0x3e6</run_address>
         <size>0x24</size>
         <input_file_ref idref="fl-33"/>
      </object_component>
      <object_component id="oc-16a">
         <name>.debug_pubnames</name>
         <load_address>0x40a</load_address>
         <run_address>0x40a</run_address>
         <size>0x26</size>
         <input_file_ref idref="fl-35"/>
      </object_component>
      <object_component id="oc-76">
         <name>.debug_pubnames</name>
         <load_address>0x430</load_address>
         <run_address>0x430</run_address>
         <size>0x1d</size>
         <input_file_ref idref="fl-36"/>
      </object_component>
      <object_component id="oc-145">
         <name>.debug_pubtypes</name>
         <load_address>0x0</load_address>
         <run_address>0x0</run_address>
         <size>0x25c</size>
         <input_file_ref idref="fl-2"/>
      </object_component>
      <object_component id="oc-140">
         <name>.debug_pubtypes</name>
         <load_address>0x25c</load_address>
         <run_address>0x25c</run_address>
         <size>0x69</size>
         <input_file_ref idref="fl-2"/>
      </object_component>
      <object_component id="oc-6f">
         <name>.debug_pubtypes</name>
         <load_address>0x2c5</load_address>
[...]
            <object_component_ref idref="oc-18b"/>
            <object_component_ref idref="oc-1c4"/>
            <object_component_ref idref="oc-1cb"/>
            <object_component_ref idref="oc-1b3"/>
            <object_component_ref idref="oc-f0"/>
            <object_component_ref idref="oc-19a"/>
            <object_component_ref idref="oc-19f"/>
            <object_component_ref idref="oc-1ac"/>
         </contents>
      </logical_group>
      <logical_group id="lg-1e8" display="never" color="cyan">
         <name>.debug_pubnames</name>
         <load_address>0x0</load_address>
         <run_address>0x0</run_address>
         <size>0x44d</size>
         <contents>
            <object_component_ref idref="oc-11d"/>
            <object_component_ref idref="oc-de"/>
            <object_component_ref idref="oc-e1"/>
            <object_component_ref idref="oc-89"/>
            <object_component_ref idref="oc-122"/>
            <object_component_ref idref="oc-e5"/>
            <object_component_ref idref="oc-2d"/>
            <object_component_ref idref="oc-2a"/>
            <object_component_ref idref="oc-27"/>
            <object_component_ref idref="oc-9d"/>
            <object_component_ref idref="oc-60"/>
            <object_component_ref idref="oc-f9"/>
            <object_component_ref idref="oc-17"/>
            <object_component_ref idref="oc-3a"/>
            <object_component_ref idref="oc-1f"/>
            <object_component_ref idref="oc-12b"/>
            <object_component_ref idref="oc-13a"/>
            <object_component_ref idref="oc-181"/>
            <object_component_ref idref="oc-126"/>
            <object_component_ref idref="oc-133"/>
            <object_component_ref idref="oc-171"/>
            <object_component_ref idref="oc-91"/>
            <object_component_ref idref="oc-97"/>
            <object_component_ref idref="oc-58"/>
            <object_component_ref idref="oc-51"/>
            <object_component_ref idref="oc-100"/>
            <object_component_ref idref="oc-16a"/>
            <object_component_ref idref="oc-76"/>
         </contents>
      </logical_group>
      <logical_group id="lg-1ea" display="never" color="cyan">
         <name>.debug_pubtypes</name>
         <load_address>0x0</load_address>
         <run_address>0x0</run_address>
         <size>0xb56</size>
         <contents>
            <object_component_ref idref="oc-145"/>
            <object_component_ref idref="oc-140"/>
            <object_component_ref idref="oc-6f"/>
            <object_component_ref idref="oc-190"/>
            <object_component_ref idref="oc-14a"/>
            <object_component_ref idref="oc-154"/>
            <object_component_ref idref="oc-160"/>
            <object_component_ref idref="oc-10f"/>
            <object_component_ref idref="oc-159"/>
            <object_component_ref idref="oc-d0"/>
            <object_component_ref idref="oc-32"/>
            <object_component_ref idref="oc-68"/>
            <object_component_ref idref="oc-3f"/>
            <object_component_ref idref="oc-d7"/>
            <object_component_ref idref="oc-7c"/>
            <object_component_ref idref="oc-176"/>
            <object_component_ref idref="oc-1ba"/>
            <object_component_ref idref="oc-1b5"/>
            <object_component_ref idref="oc-17b"/>
            <object_component_ref idref="oc-188"/>
            <object_component_ref idref="oc-1c1"/>
            <object_component_ref idref="oc-1c8"/>
            <object_component_ref idref="oc-1b0"/>
            <object_component_ref idref="oc-ed"/>
            <object_component_ref idref="oc-197"/>
            <object_component_ref idref="oc-19c"/>
            <object_component_ref idref="oc-1a9"/>
         </contents>
      </logical_group>
      <logical_group id="lg-1ec" display="never" color="cyan">
         <name>.debug_frame</name>
         <load_address>0x0</load_address>
         <run_address>0x0</run_address>
         <size>0x658</size>
         <contents>
            <object_component_ref idref="oc-8b"/>
            <object_component_ref idref="oc-e7"/>
            <object_component_ref idref="oc-25"/>
            <object_component_ref idref="oc-a0"/>
            <object_component_ref idref="oc-5d"/>
            <object_component_ref idref="oc-fb"/>
            <object_component_ref idref="oc-19"/>
            <object_component_ref idref="oc-3c"/>
            <object_component_ref idref="oc-20"/>
            <object_component_ref idref="oc-12e"/>
            <object_component_ref idref="oc-138"/>
            <object_component_ref idref="oc-184"/>
            <object_component_ref idref="oc-128"/>
            <object_component_ref idref="oc-130"/>
            <object_component_ref idref="oc-173"/>
            <object_component_ref idref="oc-94"/>
            <object_component_ref idref="oc-5a"/>
            <object_component_ref idref="oc-54"/>
            <object_component_ref idref="oc-101"/>
            <object_component_ref idref="oc-16c"/>
            <object_component_ref idref="oc-78"/>
         </contents>
      </logical_group>
      <logical_group id="lg-1ee" display="never" color="cyan">
         <name>.debug_aranges</name>
         <load_address>0x0</load_address>
         <run_address>0x0</run_address>
         <size>0x2d8</size>
         <contents>
            <object_component_ref idref="oc-8a"/>
            <object_component_ref idref="oc-e4"/>
            <object_component_ref idref="oc-2e"/>
            <object_component_ref idref="oc-23"/>
            <object_component_ref idref="oc-9e"/>
            <object_component_ref idref="oc-5e"/>
            <object_component_ref idref="oc-f7"/>
            <object_component_ref idref="oc-18"/>
            <object_component_ref idref="oc-39"/>
            <object_component_ref idref="oc-1e"/>
            <object_component_ref idref="oc-12c"/>
            <object_component_ref idref="oc-137"/>
            <object_component_ref idref="oc-182"/>
            <object_component_ref idref="oc-127"/>
            <object_component_ref idref="oc-132"/>
            <object_component_ref idref="oc-170"/>
            <object_component_ref idref="oc-93"/>
            <object_component_ref idref="oc-56"/>
            <object_component_ref idref="oc-52"/>
            <object_component_ref idref="oc-ff"/>
            <object_component_ref idref="oc-16b"/>
            <object_component_ref idref="oc-75"/>
         </contents>
      </logical_group>
      <load_segment id="lg-1fb" display="no" color="cyan">
         <name>SEGMENT_0</name>
         <run_address>0x800400</run_address>
         <size>0x10000</size>
         <flags>0x6</flags>
         <contents>
            <logical_group_ref idref="lg-8"/>
         </contents>
      </load_segment>
      <load_segment id="lg-1fc" display="no" color="cyan">
         <name>SEGMENT_1</name>
         <load_address>0x810400</load_address>
         <run_address>0x810400</run_address>
         <size>0x19d0</size>
         <flags>0x5</flags>
         <contents>
            <logical_group_ref idref="lg-4"/>
            <logical_group_ref idref="lg-a"/>
         </contents>
      </load_segment>
      <load_segment id="lg-1fd" display="no" color="cyan">
         <name>SEGMENT_2</name>
         <run_address>0x811dd0</run_address>
         <size>0xc</size>
         <flags>0x6</flags>
         <contents>
            <logical_group_ref idref="lg-10"/>
         </contents>
      </load_segment>
      <load_segment id="lg-1fe" display="no" color="cyan">
         <name>SEGMENT_3</name>
         <load_address>0x811de0</load_address>
         <run_address>0x811de0</run_address>
         <size>0x1c160</size>
         <flags>0x4</flags>
         <contents>
            <logical_group_ref idref="lg-7"/>
         </contents>
      </load_segment>
      <load_segment id="lg-1ff" display="no" color="cyan">
         <name>SEGMENT_4</name>
         <run_address>0x80000000</run_address>
         <size>0xec0ec</size>
         <flags>0x6</flags>
         <contents>
            <logical_group_ref idref="lg-13"/>
         </contents>
      </load_segment>
   </logical_group_list>
   <placement_map>
      <memory_area display="yes" color="green">
         <name>VECTORS</name>
         <page_id>0x0</page_id>
         <origin>0x800000</origin>
         <length>0x400</length>
         <used_space>0x0</used_space>
         <unused_space>0x400</unused_space>
         <attributes>RWIX</attributes>
         <usage_details>
         </usage_details>
      </memory_area>
      <memory_area display="yes" color="green">
         <name>LL2MEM</name>
         <page_id>0x0</page_id>
         <origin>0x800400</origin>
         <length>0x7fc00</length>
         <used_space>0x2db3c</used_space>
         <unused_space>0x520c4</unused_space>
         <attributes>RWIX</attributes>
         <usage_details>
            <allocated_space>
               <start_address>0x800400</start_address>
               <size>0x10000</size>
               <logical_group_ref idref="lg-8"/>
            </allocated_space>
            <allocated_space>
               <start_address>0x810400</start_address>
               <size>0x16e0</size>
               <logical_group_ref idref="lg-4"/>
            </allocated_space>
            <allocated_space>
               <start_address>0x811ae0</start_address>
               <size>0x2f0</size>
               <logical_group_ref idref="lg-a"/>
            </allocated_space>
            <allocated_space>
               <start_address>0x811dd0</start_address>
               <size>0xc</size>
               <logical_group_ref idref="lg-10"/>
            </allocated_space>
            <available_space>
               <start_address>0x811ddc</start_address>
               <size>0x4</size>
            </available_space>
            <allocated_space>
               <start_address>0x811de0</start_address>
               <size>0x1c160</size>
               <logical_group_ref idref="lg-7"/>
            </allocated_space>
            <available_space>
               <start_address>0x82df40</start_address>
               <size>0x520c0</size>
            </available_space>
         </usage_details>
      </memory_area>
      <memory_area display="yes" color="green">
         <name>MSMCSRAM</name>
         <page_id>0x0</page_id>
         <origin>0xc000000</origin>
         <length>0x400000</length>
         <used_space>0x0</used_space>
         <unused_space>0x400000</unused_space>
         <attributes>RWIX</attributes>
         <usage_details>
         </usage_details>
      </memory_area>
      <memory_area display="yes" color="green">
         <name>DDR3</name>
         <page_id>0x0</page_id>
         <origin>0x80000000</origin>
         <length>0x80000000</length>
         <used_space>0xec0ec</used_space>
         <unused_space>0x7ff13f14</unused_space>
         <attributes>RWIX</attributes>
         <usage_details>
            <allocated_space>
               <start_address>0x80000000</start_address>
               <size>0xec0ec</size>
               <logical_group_ref idref="lg-13"/>
            </allocated_space>
            <available_space>
               <start_address>0x800ec0ec</start_address>
               <size>0x7ff13f14</size>
            </available_space>
         </usage_details>
      </memory_area>
   </placement_map>
   <cptbl_list>
      <cptbl>
         <name>__TI_cinit_table</name>
         <cprec>
            <name>myDDRdata</name>
            <load_address>0x811de0</load_address>
            <load_size>0x1c13e</load_size>
            <run_address>0x80000000</run_address>
            <run_size>0xec0ec</run_size>
            <compression>rle</compression>
         </cprec>
         <cprec>
            <name>.fardata</name>
            <load_address>0x82df1e</load_address>
            <load_size>0xa</load_size>
            <run_address>0x811dd0</run_address>
            <run_size>0xc</run_size>
            <compression>rle</compression>
         </cprec>
      </cptbl>
   </cptbl_list>
   <handler_table>
      <handler_table_name>__TI_handler_table</handler_table_name>
      <handler>
         <index>0x0</index>
         <name>__TI_decompress_rle24</name>
      </handler>
      <handler>
         <index>0x1</index>
         <name>__TI_decompress_none</name>
      </handler>
   </handler_table>
   <symbol_table>
      <symbol id="sm-1">
         <name>__TI_CINIT_Base</name>
         <value>0x82df30</value>
      </symbol>
      <symbol id="sm-2">
         <name>__TI_CINIT_Limit</name>
         <value>0x82df40</value>
      </symbol>
      <symbol id="sm-3">
         <name>__TI_Handler_Table_Base</name>
         <value>0x82df28</value>
      </symbol>
      <symbol id="sm-4">
         <name>__TI_Handler_Table_Limit</name>
         <value>0x82df30</value>
      </symbol>
      <symbol id="sm-5">
         <name>binit</name>
         <value>0xffffffff</value>
      </symbol>
      <symbol id="sm-6">
         <name>__binit__</name>
         <value>0xffffffff</value>
      </symbol>
      <symbol id="sm-7">
         <name>__TI_STACK_SIZE</name>
         <value>0x10000</value>
      </symbol>
      <symbol id="sm-8">
         <name>__TI_STACK_END</name>
         <value>0x810400</value>
      </symbol>
      <symbol id="sm-9">
         <name>__c_args__</name>
         <value>0xffffffff</value>
      </symbol>
      <symbol id="sm-a">
         <name>__TI_pprof_out_hndl</name>
         <value>0xffffffff</value>
      </symbol>
      <symbol id="sm-b">
         <name>__TI_prof_data_start</name>
         <value>0xffffffff</value>
      </symbol>
      <symbol id="sm-c">
         <name>__TI_prof_data_size</name>
         <value>0xffffffff</value>
      </symbol>
      <symbol id="sm-4a">
         <name>G</name>
         <value>0x800ec020</value>
         <object_component_ref idref="oc-df"/>
      </symbol>
      <symbol id="sm-4b">
         <name>G1</name>
         <value>0x800ec088</value>
         <object_component_ref idref="oc-df"/>
      </symbol>
      <symbol id="sm-4c">
         <name>OriginalBuffer</name>
         <value>0x800a2600</value>
         <object_component_ref idref="oc-df"/>
      </symbol>
      <symbol id="sm-4d">
         <name>InterweaveData</name>
         <value>0x80000000</value>
         <object_component_ref idref="oc-dc"/>
      </symbol>
      <symbol id="sm-4e">
         <name>CodeBlockBit</name>
         <value>0x80054600</value>
         <object_component_ref idref="oc-dc"/>
      </symbol>
      <symbol id="sm-61">
         <name>main</name>
         <value>0x8115e0</value>
         <object_component_ref idref="oc-87"/>
      </symbol>
      <symbol id="sm-a4">
         <name>CRCbAdd</name>
         <value>0x8105b4</value>
         <object_component_ref idref="oc-e2"/>
      </symbol>
      <symbol id="sm-a5">
         <name>cdblockseg</name>
         <value>0x8106f8</value>
         <object_component_ref idref="oc-e2"/>
      </symbol>
      <symbol id="sm-a6">
         <name>CRCAdd</name>
         <value>0x810470</value>
         <object_component_ref idref="oc-e2"/>
      </symbol>
      <symbol id="sm-a7">
         <name>upper_bound</name>
         <value>0x810400</value>
         <object_component_ref idref="oc-e2"/>
      </symbol>
      <symbol id="sm-b0">
         <name>memcpy</name>
         <value>0x811680</value>
         <object_component_ref idref="oc-2b"/>
      </symbol>
      <symbol id="sm-c6">
         <name>_c_int00</name>
         <value>0x811840</value>
         <object_component_ref idref="oc-22"/>
      </symbol>
      <symbol id="sm-c7">
         <name>_stack</name>
         <value>0x800400</value>
         <object_component_ref idref="oc-28"/>
      </symbol>
      <symbol id="sm-ec">
         <name>__TI_auto_init_nobinit_nopinit</name>
         <value>0x811460</value>
         <object_component_ref idref="oc-9b"/>
      </symbol>
      <symbol id="sm-f5">
         <name>_system_pre_init</name>
         <value>0x811a60</value>
         <object_component_ref idref="oc-5b"/>
      </symbol>
      <symbol id="sm-fe">
         <name>_system_post_cinit</name>
         <value>0x811a40</value>
         <object_component_ref idref="oc-f6"/>
      </symbol>
      <symbol id="sm-11c">
         <name>__TI_decompress_none</name>
         <value>0x811aa0</value>
         <object_component_ref idref="oc-15"/>
      </symbol>
      <symbol id="sm-147">
         <name>__TI_decompress_rle24</name>
         <value>0x811ac0</value>
         <object_component_ref idref="oc-1b"/>
      </symbol>
      <symbol id="sm-151">
         <name>ceil</name>
         <value>0x8119c0</value>
         <object_component_ref idref="oc-129"/>
      </symbol>
      <symbol id="sm-152">
         <name>ceill</name>
         <value>0x8119c0</value>
         <object_component_ref idref="oc-129"/>
      </symbol>
      <symbol id="sm-15c">
         <name>floorl</name>
         <value>0x811a00</value>
         <object_component_ref idref="oc-135"/>
      </symbol>
      <symbol id="sm-15d">
         <name>floor</name>
         <value>0x811a00</value>
         <object_component_ref idref="oc-135"/>
      </symbol>
      <symbol id="sm-16b">
         <name>modfl</name>
         <value>0x811720</value>
         <object_component_ref idref="oc-17f"/>
      </symbol>
      <symbol id="sm-16c">
         <name>modf</name>
         <value>0x811720</value>
         <object_component_ref idref="oc-17f"/>
      </symbol>
      <symbol id="sm-195">
         <name>__c6xabi_divd</name>
         <value>0x810bc0</value>
         <object_component_ref idref="oc-123"/>
      </symbol>
      <symbol id="sm-1a6">
         <name>__c6xabi_fixdu</name>
         <value>0x8117c0</value>
         <object_component_ref idref="oc-12f"/>
      </symbol>
      <symbol id="sm-1be">
         <name>__TI_frcmpyd_div</name>
         <value>0x8118c0</value>
         <object_component_ref idref="oc-16e"/>
      </symbol>
      <symbol id="sm-1df">
         <name>C$$EXIT</name>
         <value>0x811a80</value>
         <object_component_ref idref="oc-92"/>
      </symbol>
      <symbol id="sm-1e0">
         <name>abort</name>
         <value>0x811a80</value>
         <object_component_ref idref="oc-92"/>
      </symbol>
      <symbol id="sm-1e1">
         <name>exit</name>
         <value>0x8112a0</value>
         <object_component_ref idref="oc-55"/>
      </symbol>
      <symbol id="sm-1e2">
         <name>__TI_dtors_ptr</name>
         <value>0x811dd4</value>
         <object_component_ref idref="oc-8f"/>
      </symbol>
      <symbol id="sm-1e3">
         <name>__TI_cleanup_ptr</name>
         <value>0x811dd0</value>
         <object_component_ref idref="oc-8f"/>
      </symbol>
      <symbol id="sm-1e4">
         <name>__TI_enable_exit_profile_output</name>
         <value>0x811dd8</value>
         <object_component_ref idref="oc-8f"/>
      </symbol>
      <symbol id="sm-1f6">
         <name>_args_main</name>
         <value>0x811980</value>
         <object_component_ref idref="oc-4f"/>
      </symbol>
      <symbol id="sm-20f">
         <name>__TI_tls_init</name>
         <value>0x811520</value>
         <object_component_ref idref="oc-fc"/>
      </symbol>
      <symbol id="sm-221">
         <name>__c6xabi_llshru</name>
         <value>0x811920</value>
         <object_component_ref idref="oc-168"/>
      </symbol>
      <symbol id="sm-231">
         <name>memset</name>
         <value>0x811380</value>
         <object_component_ref idref="oc-73"/>
      </symbol>
      <symbol id="sm-232">
         <name>__TI_STATIC_BASE</name>
         <value>0x0</value>
      </symbol>
      <symbol id="sm-234">
         <name>__TI_TLS_INIT_Base</name>
         <value>0x0</value>
      </symbol>
      <symbol id="sm-235">
         <name>__TI_TLS_INIT_Limit</name>
         <value>0x0</value>
      </symbol>
   </symbol_table>
   <title>Link successful</title>
</link_info>
